# === kvcache_conn_fault_013 ===
WORKER_OC_SERVICE_THREAD_POOL: IDLE_NUM=64, CURRENT_TOTAL_NUM=128, MAX_THREAD_NUM=128, WAITING_TASK_NUM=0, THREAD_POOL_USAGE=50%
ETCD_QUEUE: CURRENT_SIZE=10, TOTAL_LIMIT=100, ETCD_QUEUE_USAGE=10%
ETCD_REQUEST_SUCCESS_RATE: 0.99
SHARED_MEMORY: MEMORY_USAGE=2048MB, PHYSICAL_MEMORY_USAGE=1800MB, TOTAL_LIMIT=10240MB
SPILL_HARD_DISK: SPACE_USAGE=200MB, TOTAL_LIMIT=1000MB
SHARED_DISK: USAGE=100MB, TOTAL_LIMIT=500MB
ETCD_QUEUE: CURRENT_SIZE=90, TOTAL_LIMIT=100, ETCD_QUEUE_USAGE=90%
ETCD_REQUEST_SUCCESS_RATE: 0.85

# === kvcache_conn_fault_032 ===
WORKER_OC_SERVICE_THREAD_POOL: IDLE_NUM=64, CURRENT_TOTAL_NUM=128, MAX_THREAD_NUM=128, WAITING_TASK_NUM=0, THREAD_POOL_USAGE=50%
ETCD_QUEUE: CURRENT_SIZE=10, TOTAL_LIMIT=100, ETCD_QUEUE_USAGE=10%
ETCD_REQUEST_SUCCESS_RATE: 0.99
SHARED_MEMORY: MEMORY_USAGE=2048MB, PHYSICAL_MEMORY_USAGE=1800MB, TOTAL_LIMIT=10240MB
SPILL_HARD_DISK: SPACE_USAGE=200MB, TOTAL_LIMIT=1000MB
SHARED_DISK: USAGE=100MB, TOTAL_LIMIT=500MB
SHARED_MEMORY: MEMORY_USAGE=9500MB, PHYSICAL_MEMORY_USAGE=9000MB, TOTAL_LIMIT=10240MB

# === kvcache_conn_fault_033 ===
WORKER_OC_SERVICE_THREAD_POOL: IDLE_NUM=64, CURRENT_TOTAL_NUM=128, MAX_THREAD_NUM=128, WAITING_TASK_NUM=0, THREAD_POOL_USAGE=50%
ETCD_QUEUE: CURRENT_SIZE=10, TOTAL_LIMIT=100, ETCD_QUEUE_USAGE=10%
ETCD_REQUEST_SUCCESS_RATE: 0.99
SHARED_MEMORY: MEMORY_USAGE=2048MB, PHYSICAL_MEMORY_USAGE=1800MB, TOTAL_LIMIT=10240MB
SPILL_HARD_DISK: SPACE_USAGE=200MB, TOTAL_LIMIT=1000MB
SHARED_DISK: USAGE=100MB, TOTAL_LIMIT=500MB
SPILL_HARD_DISK: SPACE_USAGE=950MB, TOTAL_LIMIT=1000MB
SHARED_DISK: USAGE=480MB, TOTAL_LIMIT=500MB

# === kvcache_conn_fault_034 ===
WORKER_OC_SERVICE_THREAD_POOL: IDLE_NUM=64, CURRENT_TOTAL_NUM=128, MAX_THREAD_NUM=128, WAITING_TASK_NUM=0, THREAD_POOL_USAGE=50%
ETCD_QUEUE: CURRENT_SIZE=10, TOTAL_LIMIT=100, ETCD_QUEUE_USAGE=10%
ETCD_REQUEST_SUCCESS_RATE: 0.99
SHARED_MEMORY: MEMORY_USAGE=2048MB, PHYSICAL_MEMORY_USAGE=1800MB, TOTAL_LIMIT=10240MB
SPILL_HARD_DISK: SPACE_USAGE=200MB, TOTAL_LIMIT=1000MB
SHARED_DISK: USAGE=100MB, TOTAL_LIMIT=500MB
WORKER_OC_SERVICE_THREAD_POOL: IDLE_NUM=0, CURRENT_TOTAL_NUM=128, MAX_THREAD_NUM=128, WAITING_TASK_NUM=64, THREAD_POOL_USAGE=100%
