# === kvcache_conn_fault_026 ===
# ifconfig_ub0
ub0: flags=4098<BROADCAST,MULTICAST>  mtu 1500
        ether 00:1a:2b:3c:4d:5e  txqueuelen 1000  (Ethernet)
        UP BROADCAST RUNNING  mtu 1500
# ls_dev_ub

# ubinfo


# === kvcache_conn_fault_035 ===
# ulimit_n
65535
# ls_proc_fd_wc
58000

# === kvcache_conn_fault_036 ===
# ulimit_l
65536

# === kvcache_conn_fault_039 ===
# pgrep_worker


# === kvcache_conn_fault_040 ===
# pgrep_worker
12345 /opt/datasystem/worker
# ss_tnlp


# === kvcache_conn_fault_041 ===
# ss_tnlp
LISTEN 0 128 *:31402

# === kvcache_conn_fault_045 ===
# ping
PING 192.168.1.10 (192.168.1.10) 56(84) bytes of data.
From 192.168.1.1 icmp_seq=1 Destination Host Unreachable

# === kvcache_conn_fault_046 ===
# kubectl_describe
Conditions:
  Type             Status    Reason
  Ready            False     NodeStatusUnknown
Taints: node.kubernetes.io/not-ready:NoSchedule

# === kvcache_conn_fault_047 ===
# dmesg_oom
Out of memory: Kill process 12345 (datasystem_worker) score 950 or sacrifice child
# pgrep_worker


# === kvcache_conn_fault_048 ===
# journalctl
-- Logs begin at ... --
May 06 13:26:00 worker-node datasystem-worker[12345]: exited with code 139
# dmesg_no_oom

# pgrep_worker


# === kvcache_conn_fault_049 ===
# pgrep_worker
12345 /opt/datasystem/worker
# ss_tnlp


# === kvcache_conn_fault_050 ===
# pgrep_worker
12345 /opt/datasystem/worker
# ss_tnlp
LISTEN 0 128 *:31402
